13:37:06 **** Incremental Build of configuration Debug for project NVIC ****
make -j4 all 
arm-none-eabi-gcc "../Src/GPIO_prog.c" -mcpu=cortex-m4 -std=gnu11 -g3 -DDEBUG -DSTM32 -DSTM32F4 -DSTM32F446RETx -DNUCLEO_F446RE -c -I../Inc -O0 -ffunction-sections -fdata-sections -Wall -fstack-usage -fcyclomatic-complexity -MMD -MP -MF"Src/GPIO_prog.d" -MT"Src/GPIO_prog.o" --specs=nano.specs -mfloat-abi=hard -mthumb -o "Src/GPIO_prog.o"
arm-none-eabi-gcc "../Src/NVIC_prog.c" -mcpu=cortex-m4 -std=gnu11 -g3 -DDEBUG -DSTM32 -DSTM32F4 -DSTM32F446RETx -DNUCLEO_F446RE -c -I../Inc -O0 -ffunction-sections -fdata-sections -Wall -fstack-usage -fcyclomatic-complexity -MMD -MP -MF"Src/NVIC_prog.d" -MT"Src/NVIC_prog.o" --specs=nano.specs -mfloat-abi=hard -mthumb -o "Src/NVIC_prog.o"
arm-none-eabi-gcc "../Src/RCC_Driver.c" -mcpu=cortex-m4 -std=gnu11 -g3 -DDEBUG -DSTM32 -DSTM32F4 -DSTM32F446RETx -DNUCLEO_F446RE -c -I../Inc -O0 -ffunction-sections -fdata-sections -Wall -fstack-usage -fcyclomatic-complexity -MMD -MP -MF"Src/RCC_Driver.d" -MT"Src/RCC_Driver.o" --specs=nano.specs -mfloat-abi=hard -mthumb -o "Src/RCC_Driver.o"
arm-none-eabi-gcc "../Src/SysTick_prog.c" -mcpu=cortex-m4 -std=gnu11 -g3 -DDEBUG -DSTM32 -DSTM32F4 -DSTM32F446RETx -DNUCLEO_F446RE -c -I../Inc -O0 -ffunction-sections -fdata-sections -Wall -fstack-usage -fcyclomatic-complexity -MMD -MP -MF"Src/SysTick_prog.d" -MT"Src/SysTick_prog.o" --specs=nano.specs -mfloat-abi=hard -mthumb -o "Src/SysTick_prog.o"
arm-none-eabi-gcc "../Src/main.c" -mcpu=cortex-m4 -std=gnu11 -g3 -DDEBUG -DSTM32 -DSTM32F4 -DSTM32F446RETx -DNUCLEO_F446RE -c -I../Inc -O0 -ffunction-sections -fdata-sections -Wall -fstack-usage -fcyclomatic-complexity -MMD -MP -MF"Src/main.d" -MT"Src/main.o" --specs=nano.specs -mfloat-abi=hard -mthumb -o "Src/main.o"
arm-none-eabi-gcc -o "NVIC.elf" @"objects.list"   -mcpu=cortex-m4 -T"I:\advanced embedded\stm32cbeworkspace\NVIC\NVIC\STM32F446RETX_FLASH.ld" --specs=nosys.specs -Wl,-Map="NVIC.map" -Wl,--gc-sections -static --specs=nano.specs -mfloat-abi=hard -mthumb -Wl,--start-group -lc -lm -Wl,--end-group
Finished building target: NVIC.elf
 
arm-none-eabi-size  NVIC.elf 
arm-none-eabi-objdump -h -S NVIC.elf  > "NVIC.list"
   text	   data	    bss	    dec	    hex	filename
   2628	     40	   1576	   4244	   1094	NVIC.elf
Finished building: default.size.stdout
 
Finished building: NVIC.list
 

13:37:25 Build Finished. 0 errors, 0 warnings. (took 18s.895ms)

