17:26:18 **** Build of configuration Debug for project PriorityGrouping ****
make -j4 all 
arm-none-eabi-gcc "../Src/main.c" -mcpu=cortex-m4 -std=gnu11 -g3 -DDEBUG -DSTM32 -DSTM32F4 -DSTM32F446RETx -DNUCLEO_F446RE -c -I../Inc -O0 -ffunction-sections -fdata-sections -Wall -fstack-usage -fcyclomatic-complexity -MMD -MP -MF"Src/main.d" -MT"Src/main.o" --specs=nano.specs -mfloat-abi=soft -mthumb -o "Src/main.o"
arm-none-eabi-gcc -o "PriorityGrouping.elf" @"objects.list"   -mcpu=cortex-m4 -T"I:\advanced embedded\stm32cbeworkspace\NVIC\PriorityGrouping\STM32F446RETX_FLASH.ld" --specs=nosys.specs -Wl,-Map="PriorityGrouping.map" -Wl,--gc-sections -static --specs=nano.specs -mfloat-abi=soft -mthumb -Wl,--start-group -lc -lm -Wl,--end-group
Finished building target: PriorityGrouping.elf
 
arm-none-eabi-size  PriorityGrouping.elf 
arm-none-eabi-objdump -h -S PriorityGrouping.elf  > "PriorityGrouping.list"
   text	   data	    bss	    dec	    hex	filename
   3184	     40	   1568	   4792	   12b8	PriorityGrouping.elf
Finished building: default.size.stdout
 
Finished building: PriorityGrouping.list
 

17:26:39 Build Finished. 0 errors, 0 warnings. (took 21s.395ms)

